// Jest Snapshot v1, https://goo.gl/fbAQLP

exports[`Indecision component Should match with snapshot 1`] = `
<!--v-if-->
<div class="bg-dark"></div>
<div class="indecision-container"><input ype="text" placeholder="Hazme una pregunta">
  <p>Recueda terminar con un signo de interrogacion (?)</p>
  <!--v-if-->
</div>
`;
